exports[`renders the default Accordion Component 1`] = `"{\"__ava_react_jsx\":{\"type\":\"div\",\"props\":{\"className\":\"accordion\"},\"children\":[{\"type\":\"div\",\"props\":{\"className\":\"title\"},\"children\":[{\"type\":\"div\",\"props\":{\"className\":\"arrow-wrapper\"},\"children\":[{\"type\":\"i\",\"props\":{\"className\":\"fa fa-angle-down\"},\"children\":null}]},{\"type\":\"span\",\"props\":{\"className\":\"title-text\"},\"children\":[\"Dummy Accordion\"]}]},{\"type\":\"div\",\"props\":{\"className\":\"content\"},\"children\":[{\"type\":\"div\",\"props\":{\"className\":\"content-text\"},\"children\":[{\"type\":\"div\",\"props\":{\"className\":\"container1\"},\"children\":[{\"type\":\"h1\",\"props\":{},\"children\":[\"This is a content title for accordion\"]},{\"type\":\"p\",\"props\":{},\"children\":[\"Lorem ipsum dolor sit amet, consetetur sadipscing elitr, sed diam nonumy eirmod tempor invidunt ut labore et dolore magna aliquyam erat, sed diam voluptua.\"]}]}]}]}]}}"`;
